(base) Rebeccas-MacBook-Pro-2:lab-1 rebchris$ ssh -i ./udacity-lab1-keypair.pem ec2-user@35.86.107.197

       __|  __|_  )
       _|  (     /   Amazon Linux 2 AMI
      ___|\___|___|

https://aws.amazon.com/amazon-linux-2/
No packages needed for security; 1 packages available
Run "sudo yum update" to apply all updates.
[ec2-user@ip-10-1-11-96 ~]$ mysql --version
-bash: mysql: command not found
[ec2-user@ip-10-1-11-96 ~]$ yum install mariadb
Loaded plugins: extras_suggestions, langpacks, priorities, update-motd
You need to be root to perform this command.
[ec2-user@ip-10-1-11-96 ~]$ apt-get install mariadb-client
-bash: apt-get: command not found
[ec2-user@ip-10-1-11-96 ~]$ yum install mariadb
Loaded plugins: extras_suggestions, langpacks, priorities, update-motd
You need to be root to perform this command.
[ec2-user@ip-10-1-11-96 ~]$ mysql --version
-bash: mysql: command not found
[ec2-user@ip-10-1-11-96 ~]$ sudo yum install mysql
Loaded plugins: extras_suggestions, langpacks, priorities, update-motd
amzn2-core                                                                                                       | 3.7 kB  00:00:00     
Resolving Dependencies
--> Running transaction check
---> Package mariadb.x86_64 1:5.5.68-1.amzn2 will be installed
--> Finished Dependency Resolution

Dependencies Resolved

========================================================================================================================================
 Package                      Arch                        Version                                 Repository                       Size
========================================================================================================================================
Installing:
 mariadb                      x86_64                      1:5.5.68-1.amzn2                        amzn2-core                      8.8 M

Transaction Summary
========================================================================================================================================
Install  1 Package

Total download size: 8.8 M
Installed size: 49 M
Is this ok [y/d/N]: y
Downloading packages:
mariadb-5.5.68-1.amzn2.x86_64.rpm                                                                                | 8.8 MB  00:00:00     
Running transaction check
Running transaction test
Transaction test succeeded
Running transaction
  Installing : 1:mariadb-5.5.68-1.amzn2.x86_64                                                                                      1/1 
  Verifying  : 1:mariadb-5.5.68-1.amzn2.x86_64                                                                                      1/1 

Installed:
  mariadb.x86_64 1:5.5.68-1.amzn2                                                                                                       

Complete!
[ec2-user@ip-10-1-11-96 ~]$ mysql -h udacity-primary.cqqfceqxiadu.us-west-2.rds.amazonaws.com -p 3306 -u admin -p
Enter password: 
ERROR 1049 (42000): Unknown database '3306'
[ec2-user@ip-10-1-11-96 ~]$ mysql -h udacity-primary.cqqfceqxiadu.us-west-2.rds.amazonaws.com -P 3306 -u admin -p
Enter password: 
Welcome to the MariaDB monitor.  Commands end with ; or \g.
Your MySQL connection id is 336
Server version: 8.0.27 Source distribution

Copyright (c) 2000, 2018, Oracle, MariaDB Corporation Ab and others.

Type 'help;' or '\h' for help. Type '\c' to clear the current input statement.

MySQL [(none)]> status
--------------
mysql  Ver 15.1 Distrib 5.5.68-MariaDB, for Linux (x86_64) using readline 5.1

Connection id:		336
Current database:	
Current user:		admin@10.1.11.96
SSL:			Not in use
Current pager:		stdout
Using outfile:		''
Using delimiter:	;
Server:			MySQL
Server version:		8.0.27 Source distribution
Protocol version:	10
Connection:		udacity-primary.cqqfceqxiadu.us-west-2.rds.amazonaws.com via TCP/IP
Server characterset:	utf8mb4
Db     characterset:	utf8mb4
Client characterset:	utf8mb3
Conn.  characterset:	utf8mb3
TCP port:		3306
Uptime:			1 day 3 hours 23 min 24 sec

Threads: 4  Questions: 79152  Slow queries: 0  Opens: 353  Flush tables: 3  Open tables: 247  Queries per second avg: 0.802
--------------

MySQL [(none)]> help

General information about MariaDB can be found at
http://mariadb.org

List of all MySQL commands:
Note that all text commands must be first on line and end with ';'
?         (\?) Synonym for `help'.
clear     (\c) Clear the current input statement.
connect   (\r) Reconnect to the server. Optional arguments are db and host.
delimiter (\d) Set statement delimiter.
edit      (\e) Edit command with $EDITOR.
ego       (\G) Send command to mysql server, display result vertically.
exit      (\q) Exit mysql. Same as quit.
go        (\g) Send command to mysql server.
help      (\h) Display this help.
nopager   (\n) Disable pager, print to stdout.
notee     (\t) Don't write into outfile.
pager     (\P) Set PAGER [to_pager]. Print the query results via PAGER.
print     (\p) Print current command.
prompt    (\R) Change your mysql prompt.
quit      (\q) Quit mysql.
rehash    (\#) Rebuild completion hash.
source    (\.) Execute an SQL script file. Takes a file name as an argument.
status    (\s) Get status information from the server.
system    (\!) Execute a system shell command.
tee       (\T) Set outfile [to_outfile]. Append everything into given outfile.
use       (\u) Use another database. Takes database name as argument.
charset   (\C) Switch to another charset. Might be needed for processing binlog with multi-byte charsets.
warnings  (\W) Show warnings after every statement.
nowarning (\w) Don't show warnings after every statement.

For server side help, type 'help contents'

MySQL [(none)]> use udacity
Database changed
MySQL [udacity]> create table test_tbl(firstname varchar(40), lastname varchar(40));
Query OK, 0 rows affected (0.11 sec)

MySQL [udacity]> insert into test_tbl(firstname, lastname) values ('Jane', 'Doe');
Query OK, 1 row affected (0.01 sec)

MySQL [udacity]> select * from test_tbl;
+-----------+----------+
| firstname | lastname |
+-----------+----------+
| Jane      | Doe      |
+-----------+----------+
1 row in set (0.00 sec)

MySQL [udacity]> 


